---
source: daemon/src/dao/payout.rs
expression: result
---
- id: "[uuid]"
  invoice_id: "[uuid]"
  initiator_type: System
  initiator_id: ~
  status: Waiting
  created_at: "[timestamp]"
  updated_at: "[timestamp]"
  chain: PolkadotAssetHub
  asset_id: "1984"
  asset_name: USDT
  amount: "180.00"
  source_address: 5GrwvaEF5zXb26Fz9rcQpDWS57CtERHpNehXCPcNoHGKutQY
  destination_address: 1NthTCKurNHLW52mMa6iA8Gz7UFYW5UnM3yTSpVdGu4Th7h
  retry_count: 0
- id: "[uuid]"
  invoice_id: "[uuid]"
  initiator_type: System
  initiator_id: ~
  status: Waiting
  created_at: "[timestamp]"
  updated_at: "[timestamp]"
  chain: Polygon
  asset_id: USDC
  asset_name: USDC
  amount: "250.50"
  source_address: 5GrwvaEF5zXb26Fz9rcQpDWS57CtERHpNehXCPcNoHGKutQY
  destination_address: 1NthTCKurNHLW52mMa6iA8Gz7UFYW5UnM3yTSpVdGu4Th7h
  retry_count: 0
- id: "[uuid]"
  invoice_id: "[uuid]"
  initiator_type: System
  initiator_id: ~
  status: Waiting
  created_at: "[timestamp]"
  updated_at: "[timestamp]"
  chain: PolkadotAssetHub
  asset_id: "1984"
  asset_name: USDT
  amount: "100.00"
  source_address: 5GrwvaEF5zXb26Fz9rcQpDWS57CtERHpNehXCPcNoHGKutQY
  destination_address: 1NthTCKurNHLW52mMa6iA8Gz7UFYW5UnM3yTSpVdGu4Th7h
  retry_count: 0
