---
source: daemon/src/dao/swap.rs
expression: result
---
- id: "[uuid]"
  request:
    invoice_id: "[uuid]"
    swap_executor: Bungee
    from_chain: Ethereum
    to_chain: Polygon
    from_token_address: "0x3c499c542cEF5E3811e1192ce70d8cC03d5c3359"
    to_token_address: "0xc2132D05D31c914a87C6611C10748AEb04B58e8F"
    from_amount_units: "10100000"
    expected_to_amount_units: "10000000"
    from_address: "0x45f077823C8d036a1a9f7Cd28e86Bd98191dF2b7"
    to_address: "0x0E3Ca7fD040144900AdaA5f9B8917f3933A4F5e9"
    direction: Incoming
    origin: {}
  status: Pending
  estimated_to_amount: "10"
  swap_details:
    id: ""
    raw_transaction:
      transaction:
        chain_id: 8453
        contract_address: ""
        data: ""
        value: "100"
        gas: "100"
        max_fee_per_gas: "100"
        max_priority_fee_per_gas: "100"
      approval_transactions: []
    signature: ~
    transaction_hash: ~
  created_at: "[timestamp]"
  submitted_at: "[timestamp]"
  finished_at: "[timestamp]"
  valid_till: "[timestamp]"
  error_message: ~
- id: "[uuid]"
  request:
    invoice_id: "[uuid]"
    swap_executor: Across
    from_chain: Base
    to_chain: Polygon
    from_token_address: "0x3c499c542cEF5E3811e1192ce70d8cC03d5c3359"
    to_token_address: "0xc2132D05D31c914a87C6611C10748AEb04B58e8F"
    from_amount_units: "10100000"
    expected_to_amount_units: "10000000"
    from_address: "0x45f077823C8d036a1a9f7Cd28e86Bd98191dF2b7"
    to_address: "0x0E3Ca7fD040144900AdaA5f9B8917f3933A4F5e9"
    direction: Incoming
    origin: {}
  status: Completed
  estimated_to_amount: "10"
  swap_details:
    id: ""
    raw_transaction:
      transaction:
        chain_id: 8453
        contract_address: ""
        data: ""
        value: "100"
        gas: "100"
        max_fee_per_gas: "100"
        max_priority_fee_per_gas: "100"
      approval_transactions: []
    signature: ~
    transaction_hash: ~
  created_at: "[timestamp]"
  submitted_at: "[timestamp]"
  finished_at: "[timestamp]"
  valid_till: "[timestamp]"
  error_message: ~
- id: "[uuid]"
  request:
    invoice_id: "[uuid]"
    swap_executor: Bungee
    from_chain: Arbitrum
    to_chain: Polygon
    from_token_address: "0x3c499c542cEF5E3811e1192ce70d8cC03d5c3359"
    to_token_address: "0xc2132D05D31c914a87C6611C10748AEb04B58e8F"
    from_amount_units: "10100000"
    expected_to_amount_units: "10000000"
    from_address: "0x45f077823C8d036a1a9f7Cd28e86Bd98191dF2b7"
    to_address: "0x0E3Ca7fD040144900AdaA5f9B8917f3933A4F5e9"
    direction: Incoming
    origin: {}
  status: Created
  estimated_to_amount: "10"
  swap_details:
    id: ""
    raw_transaction:
      transaction:
        chain_id: 8453
        contract_address: ""
        data: ""
        value: "100"
        gas: "100"
        max_fee_per_gas: "100"
        max_priority_fee_per_gas: "100"
      approval_transactions: []
    signature: ~
    transaction_hash: ~
  created_at: "[timestamp]"
  submitted_at: "[timestamp]"
  finished_at: "[timestamp]"
  valid_till: "[timestamp]"
  error_message: ~
- id: "[uuid]"
  request:
    invoice_id: "[uuid]"
    swap_executor: Across
    from_chain: Ethereum
    to_chain: Polygon
    from_token_address: "0x3c499c542cEF5E3811e1192ce70d8cC03d5c3359"
    to_token_address: "0xc2132D05D31c914a87C6611C10748AEb04B58e8F"
    from_amount_units: "10100000"
    expected_to_amount_units: "10000000"
    from_address: "0x45f077823C8d036a1a9f7Cd28e86Bd98191dF2b7"
    to_address: "0x0E3Ca7fD040144900AdaA5f9B8917f3933A4F5e9"
    direction: Incoming
    origin: {}
  status: Failed
  estimated_to_amount: "10"
  swap_details:
    id: ""
    raw_transaction:
      transaction:
        chain_id: 8453
        contract_address: ""
        data: ""
        value: "100"
        gas: "100"
        max_fee_per_gas: "100"
        max_priority_fee_per_gas: "100"
      approval_transactions: []
    signature: ~
    transaction_hash: ~
  created_at: "[timestamp]"
  submitted_at: "[timestamp]"
  finished_at: "[timestamp]"
  valid_till: "[timestamp]"
  error_message: Network error
- id: "[uuid]"
  request:
    invoice_id: "[uuid]"
    swap_executor: Bungee
    from_chain: Base
    to_chain: Polygon
    from_token_address: "0x3c499c542cEF5E3811e1192ce70d8cC03d5c3359"
    to_token_address: "0xc2132D05D31c914a87C6611C10748AEb04B58e8F"
    from_amount_units: "10100000"
    expected_to_amount_units: "10000000"
    from_address: "0x45f077823C8d036a1a9f7Cd28e86Bd98191dF2b7"
    to_address: "0x0E3Ca7fD040144900AdaA5f9B8917f3933A4F5e9"
    direction: Incoming
    origin: {}
  status: Completed
  estimated_to_amount: "10"
  swap_details:
    id: ""
    raw_transaction:
      transaction:
        chain_id: 8453
        contract_address: ""
        data: ""
        value: "100"
        gas: "100"
        max_fee_per_gas: "100"
        max_priority_fee_per_gas: "100"
      approval_transactions: []
    signature: ~
    transaction_hash: ~
  created_at: "[timestamp]"
  submitted_at: "[timestamp]"
  finished_at: "[timestamp]"
  valid_till: "[timestamp]"
  error_message: ~
- id: "[uuid]"
  request:
    invoice_id: "[uuid]"
    swap_executor: Across
    from_chain: Arbitrum
    to_chain: Polygon
    from_token_address: "0x3c499c542cEF5E3811e1192ce70d8cC03d5c3359"
    to_token_address: "0xc2132D05D31c914a87C6611C10748AEb04B58e8F"
    from_amount_units: "10100000"
    expected_to_amount_units: "10000000"
    from_address: "0x45f077823C8d036a1a9f7Cd28e86Bd98191dF2b7"
    to_address: "0x0E3Ca7fD040144900AdaA5f9B8917f3933A4F5e9"
    direction: Incoming
    origin: {}
  status: Pending
  estimated_to_amount: "10"
  swap_details:
    id: ""
    raw_transaction:
      transaction:
        chain_id: 8453
        contract_address: ""
        data: ""
        value: "100"
        gas: "100"
        max_fee_per_gas: "100"
        max_priority_fee_per_gas: "100"
      approval_transactions: []
    signature: ~
    transaction_hash: ~
  created_at: "[timestamp]"
  submitted_at: "[timestamp]"
  finished_at: "[timestamp]"
  valid_till: "[timestamp]"
  error_message: ~
- id: "[uuid]"
  request:
    invoice_id: "[uuid]"
    swap_executor: Bungee
    from_chain: Ethereum
    to_chain: Polygon
    from_token_address: "0x3c499c542cEF5E3811e1192ce70d8cC03d5c3359"
    to_token_address: "0xc2132D05D31c914a87C6611C10748AEb04B58e8F"
    from_amount_units: "10100000"
    expected_to_amount_units: "10000000"
    from_address: "0x45f077823C8d036a1a9f7Cd28e86Bd98191dF2b7"
    to_address: "0x0E3Ca7fD040144900AdaA5f9B8917f3933A4F5e9"
    direction: Incoming
    origin: {}
  status: Pending
  estimated_to_amount: "10"
  swap_details:
    id: ""
    raw_transaction:
      transaction:
        chain_id: 8453
        contract_address: ""
        data: ""
        value: "100"
        gas: "100"
        max_fee_per_gas: "100"
        max_priority_fee_per_gas: "100"
      approval_transactions: []
    signature: ~
    transaction_hash: ~
  created_at: "[timestamp]"
  submitted_at: "[timestamp]"
  finished_at: "[timestamp]"
  valid_till: "[timestamp]"
  error_message: ~
- id: "[uuid]"
  request:
    invoice_id: "[uuid]"
    swap_executor: Across
    from_chain: Base
    to_chain: Polygon
    from_token_address: "0x3c499c542cEF5E3811e1192ce70d8cC03d5c3359"
    to_token_address: "0xc2132D05D31c914a87C6611C10748AEb04B58e8F"
    from_amount_units: "10100000"
    expected_to_amount_units: "10000000"
    from_address: "0x45f077823C8d036a1a9f7Cd28e86Bd98191dF2b7"
    to_address: "0x0E3Ca7fD040144900AdaA5f9B8917f3933A4F5e9"
    direction: Incoming
    origin: {}
  status: Created
  estimated_to_amount: "10"
  swap_details:
    id: ""
    raw_transaction:
      transaction:
        chain_id: 8453
        contract_address: ""
        data: ""
        value: "100"
        gas: "100"
        max_fee_per_gas: "100"
        max_priority_fee_per_gas: "100"
      approval_transactions: []
    signature: ~
    transaction_hash: ~
  created_at: "[timestamp]"
  submitted_at: "[timestamp]"
  finished_at: "[timestamp]"
  valid_till: "[timestamp]"
  error_message: ~
