---
source: daemon/src/dao/payout.rs
expression: result
---
- id: "[uuid]"
  invoice_id: "[uuid]"
  initiator_type: System
  initiator_id: ~
  status: Completed
  created_at: "[timestamp]"
  updated_at: "[timestamp]"
  chain: Polygon
  asset_id: USDC
  asset_name: USDC
  amount: "99.99"
  source_address: "0x45f077823C8d036a1a9f7Cd28e86Bd98191dF2b7"
  destination_address: "0x0E3Ca7fD040144900AdaA5f9B8917f3933A4F5e9"
  destination_chain: Polygon
  destination_asset_id: "0x3c499c542cEF5E3811e1192ce70d8cC03d5c3359"
  retry_count: 0
- id: "[uuid]"
  invoice_id: "[uuid]"
  initiator_type: System
  initiator_id: ~
  status: Failed
  created_at: "[timestamp]"
  updated_at: "[timestamp]"
  chain: Polygon
  asset_id: "1984"
  asset_name: USDT
  amount: "42.00"
  source_address: "0x45f077823C8d036a1a9f7Cd28e86Bd98191dF2b7"
  destination_address: "0x0E3Ca7fD040144900AdaA5f9B8917f3933A4F5e9"
  destination_chain: Polygon
  destination_asset_id: "0x3c499c542cEF5E3811e1192ce70d8cC03d5c3359"
  retry_count: 5
  last_attempt_at: "[timestamp]"
  failure_message: Permanent failure
- id: "[uuid]"
  invoice_id: "[uuid]"
  initiator_type: System
  initiator_id: ~
  status: InProgress
  created_at: "[timestamp]"
  updated_at: "[timestamp]"
  chain: Polygon
  asset_id: USDC
  asset_name: USDC
  amount: "500.00"
  source_address: "0x45f077823C8d036a1a9f7Cd28e86Bd98191dF2b7"
  destination_address: "0x0E3Ca7fD040144900AdaA5f9B8917f3933A4F5e9"
  destination_chain: Polygon
  destination_asset_id: "0x3c499c542cEF5E3811e1192ce70d8cC03d5c3359"
  retry_count: 0
- id: "[uuid]"
  invoice_id: "[uuid]"
  initiator_type: System
  initiator_id: ~
  status: Waiting
  created_at: "[timestamp]"
  updated_at: "[timestamp]"
  chain: Polygon
  asset_id: USDC
  asset_name: USDC
  amount: "250.50"
  source_address: "0x45f077823C8d036a1a9f7Cd28e86Bd98191dF2b7"
  destination_address: "0x0E3Ca7fD040144900AdaA5f9B8917f3933A4F5e9"
  destination_chain: Polygon
  destination_asset_id: "0x3c499c542cEF5E3811e1192ce70d8cC03d5c3359"
  retry_count: 0
